// Jest Snapshot v1, https://goo.gl/fbAQLP

exports[`formats user data correctly 1`] = `"User: Andrew, Age: 35"`;
